// Jest Snapshot v1, https://goo.gl/fbAQLP

exports[`Todos.vue Should render correctly 1`] = `
<div>
  <br />
   
  <span>
    Unstyled
  </span>
   
  <br />
   
  <input
    id="one"
    type="radio"
    value="Unstyled"
  />
   
  <label
    for="one"
  >
    Unstyled
  </label>
   
  <input
    id="two"
    type="radio"
    value="Styled"
  />
   
  <label
    for="two"
  >
    Styled
  </label>
   
  <br />
   
  <button
    id="post"
  >
    Add
  </button>
   
  <button
    color="secondary"
    disabled="disabled"
    id="undo"
  >
    Undo
  </button>
   
  <button
    color="secondary"
    disabled="disabled"
    id="redo"
  >
    Redo
  </button>
   
  <h4>
    You don't have any Todos yet
  </h4>
   
  <ol />
</div>
`;
