// Jest Snapshot v1, https://goo.gl/fbAQLP

exports[`Todos.vue Should render correctly 1`] = `
<div>
  <styledbutton-stub
    class="Button"
    color="green"
    id="post"
  >
    Add
  </styledbutton-stub>
   
  <button
    class="Button"
    disabled="disabled"
    id="undo"
  >
    Undo
  </button>
   
  <button
    class="Button"
    disabled="disabled"
    id="redo"
  >
    Redo
  </button>
   
  <h4>
    You don't have any Todos yet
  </h4>
   
  <ol />
</div>
`;
